// Jest Snapshot v1, https://goo.gl/fbAQLP

exports[`renders without crashing 1`] = `
<div
  className="event card"
>
  <div
    className="card-body"
  >
    <div
      className="event-info"
    >
      <h2
        className="event-info-title"
      />
      <p
        className="event-info-description text-muted"
      />
    </div>
    <div
      className="event-add-info"
    >
      <div
        className=""
      >
        <p
          className="event-add-info-heading text-muted"
        >
          Votes
        </p>
        <p
          data-testid="num-votes"
        >
          0
        </p>
      </div>
      <div
        className=""
      >
        <p
          className="event-add-info-heading text-muted"
        >
          suggested by
        </p>
        <p />
      </div>
    </div>
    <div
      className="event-button-container"
    >
      <button
        className="upvote-button  btn btn-primary"
        disabled={false}
        onClick={[Function]}
        type="button"
      >
        Upvote
      </button>
      <div
        className="modify"
      >
        <button
          className="btn btn-secondary"
          disabled={false}
          onClick={[Function]}
          type="button"
        >
          Edit
        </button>
        <button
          className="btn btn-danger"
          disabled={false}
          onClick={[Function]}
          type="button"
        >
          Delete
        </button>
      </div>
    </div>
  </div>
</div>
`;
